2026-03-10 12:36:46 | INFO | controller | args: Namespace(host='localhost', port=21001, dispatch_method='shortest_queue', ssl=False, log_file='/home/marcello/Speech-Emotion-Recognition/logs/controller.log')
2026-03-10 12:36:46 | ERROR | stderr | INFO:     Started server process [4491]
2026-03-10 12:36:46 | ERROR | stderr | INFO:     Waiting for application startup.
2026-03-10 12:36:46 | ERROR | stderr | INFO:     Application startup complete.
2026-03-10 12:36:46 | ERROR | stderr | INFO:     Uvicorn running on http://localhost:21001 (Press CTRL+C to quit)
2026-03-10 12:36:54 | INFO | stdout | INFO:     ::1:57236 - "POST /list_models HTTP/1.1" 200 OK
2026-03-10 12:36:54 | INFO | stdout | INFO:     ::1:57236 - "POST /refresh_all_workers HTTP/1.1" 200 OK
2026-03-10 12:36:54 | INFO | stdout | INFO:     ::1:57236 - "POST /list_models HTTP/1.1" 200 OK
2026-03-10 12:36:58 | INFO | stdout | INFO:     ::1:60672 - "POST /list_models HTTP/1.1" 200 OK
2026-03-10 12:36:58 | INFO | stdout | INFO:     ::1:60672 - "POST /refresh_all_workers HTTP/1.1" 200 OK
2026-03-10 12:36:58 | INFO | stdout | INFO:     ::1:60672 - "POST /list_models HTTP/1.1" 200 OK
2026-03-10 12:37:00 | INFO | stdout | INFO:     ::1:60684 - "POST /list_models HTTP/1.1" 200 OK
2026-03-10 12:37:00 | INFO | stdout | INFO:     ::1:60684 - "POST /refresh_all_workers HTTP/1.1" 200 OK
2026-03-10 12:37:00 | INFO | stdout | INFO:     ::1:60684 - "POST /list_models HTTP/1.1" 200 OK
2026-03-10 12:37:02 | INFO | stdout | INFO:     ::1:60696 - "POST /list_models HTTP/1.1" 200 OK
2026-03-10 12:37:02 | INFO | stdout | INFO:     ::1:60696 - "POST /refresh_all_workers HTTP/1.1" 200 OK
2026-03-10 12:37:02 | INFO | stdout | INFO:     ::1:60696 - "POST /list_models HTTP/1.1" 200 OK
2026-03-10 12:37:04 | INFO | stdout | INFO:     ::1:60708 - "POST /list_models HTTP/1.1" 200 OK
2026-03-10 12:37:04 | INFO | stdout | INFO:     ::1:60708 - "POST /refresh_all_workers HTTP/1.1" 200 OK
2026-03-10 12:37:04 | INFO | stdout | INFO:     ::1:60708 - "POST /list_models HTTP/1.1" 200 OK
2026-03-10 12:37:06 | INFO | stdout | INFO:     ::1:60712 - "POST /list_models HTTP/1.1" 200 OK
2026-03-10 12:37:06 | INFO | stdout | INFO:     ::1:60712 - "POST /refresh_all_workers HTTP/1.1" 200 OK
2026-03-10 12:37:06 | INFO | stdout | INFO:     ::1:60712 - "POST /list_models HTTP/1.1" 200 OK
2026-03-10 12:37:08 | INFO | stdout | INFO:     ::1:56398 - "POST /list_models HTTP/1.1" 200 OK
2026-03-10 12:37:08 | INFO | stdout | INFO:     ::1:56398 - "POST /refresh_all_workers HTTP/1.1" 200 OK
2026-03-10 12:37:08 | INFO | stdout | INFO:     ::1:56398 - "POST /list_models HTTP/1.1" 200 OK
2026-03-10 12:37:10 | INFO | stdout | INFO:     ::1:56404 - "POST /list_models HTTP/1.1" 200 OK
2026-03-10 12:37:10 | INFO | stdout | INFO:     ::1:56404 - "POST /refresh_all_workers HTTP/1.1" 200 OK
2026-03-10 12:37:10 | INFO | stdout | INFO:     ::1:56404 - "POST /list_models HTTP/1.1" 200 OK
2026-03-10 12:37:12 | INFO | stdout | INFO:     ::1:56416 - "POST /list_models HTTP/1.1" 200 OK
2026-03-10 12:37:12 | INFO | stdout | INFO:     ::1:56416 - "POST /refresh_all_workers HTTP/1.1" 200 OK
2026-03-10 12:37:12 | INFO | stdout | INFO:     ::1:56416 - "POST /list_models HTTP/1.1" 200 OK
2026-03-10 12:37:14 | INFO | stdout | INFO:     ::1:56432 - "POST /list_models HTTP/1.1" 200 OK
2026-03-10 12:37:14 | INFO | stdout | INFO:     ::1:56432 - "POST /refresh_all_workers HTTP/1.1" 200 OK
2026-03-10 12:37:14 | INFO | stdout | INFO:     ::1:56432 - "POST /list_models HTTP/1.1" 200 OK
2026-03-10 12:37:17 | INFO | stdout | INFO:     ::1:56448 - "POST /list_models HTTP/1.1" 200 OK
2026-03-10 12:37:17 | INFO | stdout | INFO:     ::1:56448 - "POST /refresh_all_workers HTTP/1.1" 200 OK
2026-03-10 12:37:17 | INFO | stdout | INFO:     ::1:56448 - "POST /list_models HTTP/1.1" 200 OK
2026-03-10 12:37:18 | INFO | stdout | INFO:     ::1:56462 - "POST /list_models HTTP/1.1" 200 OK
2026-03-10 12:37:18 | INFO | stdout | INFO:     ::1:56462 - "POST /refresh_all_workers HTTP/1.1" 200 OK
2026-03-10 12:37:18 | INFO | stdout | INFO:     ::1:56462 - "POST /list_models HTTP/1.1" 200 OK
2026-03-10 12:37:20 | INFO | stdout | INFO:     ::1:43546 - "POST /list_models HTTP/1.1" 200 OK
2026-03-10 12:37:20 | INFO | stdout | INFO:     ::1:43546 - "POST /refresh_all_workers HTTP/1.1" 200 OK
2026-03-10 12:37:20 | INFO | stdout | INFO:     ::1:43546 - "POST /list_models HTTP/1.1" 200 OK
2026-03-10 12:37:21 | INFO | stdout | INFO:     ::1:43552 - "POST /list_models HTTP/1.1" 200 OK
2026-03-10 12:37:21 | INFO | stdout | INFO:     ::1:43552 - "POST /refresh_all_workers HTTP/1.1" 200 OK
2026-03-10 12:37:21 | INFO | stdout | INFO:     ::1:43552 - "POST /list_models HTTP/1.1" 200 OK
2026-03-10 12:37:22 | INFO | stdout | INFO:     ::1:43568 - "POST /list_models HTTP/1.1" 200 OK
2026-03-10 12:37:22 | INFO | stdout | INFO:     ::1:43568 - "POST /refresh_all_workers HTTP/1.1" 200 OK
2026-03-10 12:37:22 | INFO | stdout | INFO:     ::1:43568 - "POST /list_models HTTP/1.1" 200 OK
2026-03-10 12:37:23 | INFO | stdout | INFO:     ::1:43578 - "POST /list_models HTTP/1.1" 200 OK
2026-03-10 12:37:23 | INFO | stdout | INFO:     ::1:43578 - "POST /refresh_all_workers HTTP/1.1" 200 OK
2026-03-10 12:37:23 | INFO | stdout | INFO:     ::1:43578 - "POST /list_models HTTP/1.1" 200 OK
2026-03-10 12:37:24 | INFO | stdout | INFO:     ::1:43590 - "POST /list_models HTTP/1.1" 200 OK
2026-03-10 12:37:24 | INFO | stdout | INFO:     ::1:43590 - "POST /refresh_all_workers HTTP/1.1" 200 OK
2026-03-10 12:37:24 | INFO | stdout | INFO:     ::1:43590 - "POST /list_models HTTP/1.1" 200 OK
2026-03-10 12:37:25 | INFO | stdout | INFO:     ::1:43596 - "POST /list_models HTTP/1.1" 200 OK
2026-03-10 12:37:25 | INFO | stdout | INFO:     ::1:43596 - "POST /refresh_all_workers HTTP/1.1" 200 OK
2026-03-10 12:37:25 | INFO | stdout | INFO:     ::1:43596 - "POST /list_models HTTP/1.1" 200 OK
2026-03-10 12:37:26 | INFO | stdout | INFO:     ::1:43600 - "POST /list_models HTTP/1.1" 200 OK
2026-03-10 12:37:26 | INFO | stdout | INFO:     ::1:43600 - "POST /refresh_all_workers HTTP/1.1" 200 OK
2026-03-10 12:37:26 | INFO | stdout | INFO:     ::1:43600 - "POST /list_models HTTP/1.1" 200 OK
2026-03-10 12:37:27 | INFO | stdout | INFO:     ::1:43604 - "POST /list_models HTTP/1.1" 200 OK
2026-03-10 12:37:27 | INFO | stdout | INFO:     ::1:43604 - "POST /refresh_all_workers HTTP/1.1" 200 OK
2026-03-10 12:37:27 | INFO | stdout | INFO:     ::1:43604 - "POST /list_models HTTP/1.1" 200 OK
2026-03-10 12:37:28 | INFO | stdout | INFO:     ::1:59532 - "POST /list_models HTTP/1.1" 200 OK
2026-03-10 12:37:28 | INFO | stdout | INFO:     ::1:59532 - "POST /refresh_all_workers HTTP/1.1" 200 OK
2026-03-10 12:37:28 | INFO | stdout | INFO:     ::1:59532 - "POST /list_models HTTP/1.1" 200 OK
2026-03-10 12:37:29 | INFO | stdout | INFO:     ::1:59544 - "POST /list_models HTTP/1.1" 200 OK
2026-03-10 12:37:29 | INFO | stdout | INFO:     ::1:59544 - "POST /refresh_all_workers HTTP/1.1" 200 OK
2026-03-10 12:37:29 | INFO | stdout | INFO:     ::1:59544 - "POST /list_models HTTP/1.1" 200 OK
2026-03-10 12:37:30 | INFO | stdout | INFO:     ::1:59552 - "POST /list_models HTTP/1.1" 200 OK
2026-03-10 12:37:30 | INFO | stdout | INFO:     ::1:59552 - "POST /refresh_all_workers HTTP/1.1" 200 OK
2026-03-10 12:37:30 | INFO | stdout | INFO:     ::1:59552 - "POST /list_models HTTP/1.1" 200 OK
2026-03-10 12:37:31 | INFO | stdout | INFO:     ::1:59556 - "POST /list_models HTTP/1.1" 200 OK
2026-03-10 12:37:31 | INFO | stdout | INFO:     ::1:59556 - "POST /refresh_all_workers HTTP/1.1" 200 OK
2026-03-10 12:37:31 | INFO | stdout | INFO:     ::1:59556 - "POST /list_models HTTP/1.1" 200 OK
2026-03-10 12:37:32 | INFO | stdout | INFO:     ::1:59562 - "POST /list_models HTTP/1.1" 200 OK
2026-03-10 12:37:32 | INFO | stdout | INFO:     ::1:59562 - "POST /refresh_all_workers HTTP/1.1" 200 OK
2026-03-10 12:37:32 | INFO | stdout | INFO:     ::1:59562 - "POST /list_models HTTP/1.1" 200 OK
2026-03-10 12:37:33 | INFO | stdout | INFO:     ::1:59564 - "POST /list_models HTTP/1.1" 200 OK
2026-03-10 12:37:33 | INFO | stdout | INFO:     ::1:59564 - "POST /refresh_all_workers HTTP/1.1" 200 OK
2026-03-10 12:37:33 | INFO | stdout | INFO:     ::1:59564 - "POST /list_models HTTP/1.1" 200 OK
2026-03-10 12:37:34 | INFO | stdout | INFO:     ::1:59570 - "POST /list_models HTTP/1.1" 200 OK
2026-03-10 12:37:34 | INFO | stdout | INFO:     ::1:59570 - "POST /refresh_all_workers HTTP/1.1" 200 OK
2026-03-10 12:37:34 | INFO | stdout | INFO:     ::1:59570 - "POST /list_models HTTP/1.1" 200 OK
2026-03-10 12:37:35 | INFO | stdout | INFO:     ::1:59582 - "POST /list_models HTTP/1.1" 200 OK
2026-03-10 12:37:35 | INFO | stdout | INFO:     ::1:59582 - "POST /refresh_all_workers HTTP/1.1" 200 OK
2026-03-10 12:37:35 | INFO | stdout | INFO:     ::1:59582 - "POST /list_models HTTP/1.1" 200 OK
2026-03-10 12:37:36 | INFO | stdout | INFO:     ::1:59590 - "POST /list_models HTTP/1.1" 200 OK
2026-03-10 12:37:36 | INFO | stdout | INFO:     ::1:59590 - "POST /refresh_all_workers HTTP/1.1" 200 OK
2026-03-10 12:37:36 | INFO | stdout | INFO:     ::1:59590 - "POST /list_models HTTP/1.1" 200 OK
2026-03-10 12:37:38 | INFO | stdout | INFO:     ::1:59600 - "POST /list_models HTTP/1.1" 200 OK
2026-03-10 12:37:38 | INFO | stdout | INFO:     ::1:59600 - "POST /refresh_all_workers HTTP/1.1" 200 OK
2026-03-10 12:37:38 | INFO | stdout | INFO:     ::1:59600 - "POST /list_models HTTP/1.1" 200 OK
2026-03-10 12:37:39 | INFO | stdout | INFO:     ::1:50900 - "POST /list_models HTTP/1.1" 200 OK
2026-03-10 12:37:39 | INFO | stdout | INFO:     ::1:50900 - "POST /refresh_all_workers HTTP/1.1" 200 OK
2026-03-10 12:37:39 | INFO | stdout | INFO:     ::1:50900 - "POST /list_models HTTP/1.1" 200 OK
2026-03-10 12:37:40 | INFO | stdout | INFO:     ::1:50904 - "POST /list_models HTTP/1.1" 200 OK
2026-03-10 12:37:40 | INFO | stdout | INFO:     ::1:50904 - "POST /refresh_all_workers HTTP/1.1" 200 OK
2026-03-10 12:37:40 | INFO | stdout | INFO:     ::1:50904 - "POST /list_models HTTP/1.1" 200 OK
2026-03-10 12:37:41 | INFO | stdout | INFO:     ::1:50906 - "POST /list_models HTTP/1.1" 200 OK
2026-03-10 12:37:41 | INFO | stdout | INFO:     ::1:50906 - "POST /refresh_all_workers HTTP/1.1" 200 OK
2026-03-10 12:37:41 | INFO | stdout | INFO:     ::1:50906 - "POST /list_models HTTP/1.1" 200 OK
2026-03-10 12:37:42 | INFO | stdout | INFO:     ::1:50920 - "POST /list_models HTTP/1.1" 200 OK
2026-03-10 12:37:42 | INFO | stdout | INFO:     ::1:50920 - "POST /refresh_all_workers HTTP/1.1" 200 OK
2026-03-10 12:37:42 | INFO | stdout | INFO:     ::1:50920 - "POST /list_models HTTP/1.1" 200 OK
2026-03-10 12:37:43 | INFO | stdout | INFO:     ::1:50926 - "POST /list_models HTTP/1.1" 200 OK
2026-03-10 12:37:43 | INFO | stdout | INFO:     ::1:50926 - "POST /refresh_all_workers HTTP/1.1" 200 OK
2026-03-10 12:37:43 | INFO | stdout | INFO:     ::1:50926 - "POST /list_models HTTP/1.1" 200 OK
2026-03-10 12:37:44 | INFO | stdout | INFO:     ::1:50936 - "POST /list_models HTTP/1.1" 200 OK
2026-03-10 12:37:44 | INFO | stdout | INFO:     ::1:50936 - "POST /refresh_all_workers HTTP/1.1" 200 OK
2026-03-10 12:37:44 | INFO | stdout | INFO:     ::1:50936 - "POST /list_models HTTP/1.1" 200 OK
2026-03-10 12:37:45 | INFO | stdout | INFO:     ::1:50950 - "POST /list_models HTTP/1.1" 200 OK
2026-03-10 12:37:45 | INFO | stdout | INFO:     ::1:50950 - "POST /refresh_all_workers HTTP/1.1" 200 OK
2026-03-10 12:37:45 | INFO | stdout | INFO:     ::1:50950 - "POST /list_models HTTP/1.1" 200 OK
2026-03-10 12:37:46 | INFO | stdout | INFO:     ::1:50964 - "POST /list_models HTTP/1.1" 200 OK
2026-03-10 12:37:46 | INFO | stdout | INFO:     ::1:50964 - "POST /refresh_all_workers HTTP/1.1" 200 OK
2026-03-10 12:37:46 | INFO | stdout | INFO:     ::1:50964 - "POST /list_models HTTP/1.1" 200 OK
2026-03-10 12:37:47 | INFO | stdout | INFO:     ::1:50978 - "POST /list_models HTTP/1.1" 200 OK
2026-03-10 12:37:47 | INFO | stdout | INFO:     ::1:50978 - "POST /refresh_all_workers HTTP/1.1" 200 OK
2026-03-10 12:37:47 | INFO | stdout | INFO:     ::1:50978 - "POST /list_models HTTP/1.1" 200 OK
2026-03-10 12:37:48 | INFO | stdout | INFO:     ::1:50984 - "POST /list_models HTTP/1.1" 200 OK
2026-03-10 12:37:48 | INFO | stdout | INFO:     ::1:50984 - "POST /refresh_all_workers HTTP/1.1" 200 OK
2026-03-10 12:37:48 | INFO | stdout | INFO:     ::1:50984 - "POST /list_models HTTP/1.1" 200 OK
2026-03-10 12:37:49 | INFO | stdout | INFO:     ::1:54916 - "POST /list_models HTTP/1.1" 200 OK
2026-03-10 12:37:49 | INFO | stdout | INFO:     ::1:54916 - "POST /refresh_all_workers HTTP/1.1" 200 OK
2026-03-10 12:37:49 | INFO | stdout | INFO:     ::1:54916 - "POST /list_models HTTP/1.1" 200 OK
2026-03-10 12:37:50 | INFO | stdout | INFO:     ::1:54926 - "POST /list_models HTTP/1.1" 200 OK
2026-03-10 12:37:50 | INFO | stdout | INFO:     ::1:54926 - "POST /refresh_all_workers HTTP/1.1" 200 OK
2026-03-10 12:37:50 | INFO | stdout | INFO:     ::1:54926 - "POST /list_models HTTP/1.1" 200 OK
2026-03-10 12:37:51 | INFO | stdout | INFO:     ::1:54932 - "POST /list_models HTTP/1.1" 200 OK
2026-03-10 12:37:51 | INFO | stdout | INFO:     ::1:54932 - "POST /refresh_all_workers HTTP/1.1" 200 OK
2026-03-10 12:37:51 | INFO | stdout | INFO:     ::1:54932 - "POST /list_models HTTP/1.1" 200 OK
2026-03-10 12:37:52 | INFO | stdout | INFO:     ::1:54940 - "POST /list_models HTTP/1.1" 200 OK
2026-03-10 12:37:52 | INFO | stdout | INFO:     ::1:54940 - "POST /refresh_all_workers HTTP/1.1" 200 OK
2026-03-10 12:37:52 | INFO | stdout | INFO:     ::1:54940 - "POST /list_models HTTP/1.1" 200 OK
2026-03-10 12:37:53 | INFO | stdout | INFO:     ::1:54954 - "POST /list_models HTTP/1.1" 200 OK
2026-03-10 12:37:53 | INFO | stdout | INFO:     ::1:54954 - "POST /refresh_all_workers HTTP/1.1" 200 OK
2026-03-10 12:37:53 | INFO | stdout | INFO:     ::1:54954 - "POST /list_models HTTP/1.1" 200 OK
2026-03-10 12:37:54 | INFO | stdout | INFO:     ::1:54966 - "POST /list_models HTTP/1.1" 200 OK
2026-03-10 12:37:54 | INFO | stdout | INFO:     ::1:54966 - "POST /refresh_all_workers HTTP/1.1" 200 OK
2026-03-10 12:37:54 | INFO | stdout | INFO:     ::1:54966 - "POST /list_models HTTP/1.1" 200 OK
2026-03-10 12:37:55 | INFO | stdout | INFO:     ::1:54980 - "POST /list_models HTTP/1.1" 200 OK
2026-03-10 12:37:55 | INFO | stdout | INFO:     ::1:54980 - "POST /refresh_all_workers HTTP/1.1" 200 OK
2026-03-10 12:37:55 | INFO | stdout | INFO:     ::1:54980 - "POST /list_models HTTP/1.1" 200 OK
2026-03-10 12:37:56 | INFO | stdout | INFO:     ::1:54982 - "POST /list_models HTTP/1.1" 200 OK
2026-03-10 12:37:56 | INFO | stdout | INFO:     ::1:54982 - "POST /refresh_all_workers HTTP/1.1" 200 OK
2026-03-10 12:37:56 | INFO | stdout | INFO:     ::1:54982 - "POST /list_models HTTP/1.1" 200 OK
2026-03-10 12:37:57 | INFO | stdout | INFO:     ::1:54986 - "POST /list_models HTTP/1.1" 200 OK
2026-03-10 12:37:57 | INFO | stdout | INFO:     ::1:54986 - "POST /refresh_all_workers HTTP/1.1" 200 OK
2026-03-10 12:37:57 | INFO | stdout | INFO:     ::1:54986 - "POST /list_models HTTP/1.1" 200 OK
2026-03-10 12:37:59 | INFO | stdout | INFO:     ::1:42598 - "POST /list_models HTTP/1.1" 200 OK
2026-03-10 12:37:59 | INFO | stdout | INFO:     ::1:42598 - "POST /refresh_all_workers HTTP/1.1" 200 OK
2026-03-10 12:37:59 | INFO | stdout | INFO:     ::1:42598 - "POST /list_models HTTP/1.1" 200 OK
2026-03-10 12:37:59 | INFO | stdout | INFO:     ::1:42602 - "POST /list_models HTTP/1.1" 200 OK
2026-03-10 12:37:59 | INFO | stdout | INFO:     ::1:42602 - "POST /refresh_all_workers HTTP/1.1" 200 OK
2026-03-10 12:37:59 | INFO | stdout | INFO:     ::1:42602 - "POST /list_models HTTP/1.1" 200 OK
2026-03-10 12:38:01 | INFO | stdout | INFO:     ::1:42618 - "POST /list_models HTTP/1.1" 200 OK
2026-03-10 12:38:01 | INFO | stdout | INFO:     ::1:42618 - "POST /refresh_all_workers HTTP/1.1" 200 OK
2026-03-10 12:38:01 | INFO | stdout | INFO:     ::1:42618 - "POST /list_models HTTP/1.1" 200 OK
2026-03-10 12:38:01 | INFO | stdout | INFO:     ::1:42624 - "POST /list_models HTTP/1.1" 200 OK
2026-03-10 12:38:01 | INFO | stdout | INFO:     ::1:42624 - "POST /refresh_all_workers HTTP/1.1" 200 OK
2026-03-10 12:38:01 | INFO | stdout | INFO:     ::1:42624 - "POST /list_models HTTP/1.1" 200 OK
2026-03-10 12:38:03 | INFO | stdout | INFO:     ::1:42640 - "POST /list_models HTTP/1.1" 200 OK
2026-03-10 12:38:03 | INFO | stdout | INFO:     ::1:42640 - "POST /refresh_all_workers HTTP/1.1" 200 OK
2026-03-10 12:38:03 | INFO | stdout | INFO:     ::1:42640 - "POST /list_models HTTP/1.1" 200 OK
2026-03-10 12:38:03 | INFO | stdout | INFO:     ::1:42650 - "POST /list_models HTTP/1.1" 200 OK
2026-03-10 12:38:03 | INFO | stdout | INFO:     ::1:42650 - "POST /refresh_all_workers HTTP/1.1" 200 OK
2026-03-10 12:38:03 | INFO | stdout | INFO:     ::1:42650 - "POST /list_models HTTP/1.1" 200 OK
2026-03-10 12:38:05 | INFO | stdout | INFO:     ::1:42654 - "POST /list_models HTTP/1.1" 200 OK
2026-03-10 12:38:05 | INFO | stdout | INFO:     ::1:42654 - "POST /refresh_all_workers HTTP/1.1" 200 OK
2026-03-10 12:38:05 | INFO | stdout | INFO:     ::1:42654 - "POST /list_models HTTP/1.1" 200 OK
2026-03-10 12:38:05 | INFO | stdout | INFO:     ::1:42658 - "POST /list_models HTTP/1.1" 200 OK
2026-03-10 12:38:05 | INFO | stdout | INFO:     ::1:42658 - "POST /refresh_all_workers HTTP/1.1" 200 OK
2026-03-10 12:38:05 | INFO | stdout | INFO:     ::1:42658 - "POST /list_models HTTP/1.1" 200 OK
2026-03-10 12:38:07 | INFO | stdout | INFO:     ::1:42670 - "POST /list_models HTTP/1.1" 200 OK
2026-03-10 12:38:07 | INFO | stdout | INFO:     ::1:42670 - "POST /refresh_all_workers HTTP/1.1" 200 OK
2026-03-10 12:38:07 | INFO | stdout | INFO:     ::1:42670 - "POST /list_models HTTP/1.1" 200 OK
2026-03-10 12:38:09 | INFO | stdout | INFO:     ::1:34008 - "POST /list_models HTTP/1.1" 200 OK
2026-03-10 12:38:09 | INFO | stdout | INFO:     ::1:34008 - "POST /refresh_all_workers HTTP/1.1" 200 OK
2026-03-10 12:38:09 | INFO | stdout | INFO:     ::1:34008 - "POST /list_models HTTP/1.1" 200 OK
2026-03-10 12:38:11 | INFO | stdout | INFO:     ::1:34018 - "POST /list_models HTTP/1.1" 200 OK
2026-03-10 12:38:11 | INFO | stdout | INFO:     ::1:34018 - "POST /refresh_all_workers HTTP/1.1" 200 OK
2026-03-10 12:38:11 | INFO | stdout | INFO:     ::1:34018 - "POST /list_models HTTP/1.1" 200 OK
2026-03-10 12:38:13 | INFO | stdout | INFO:     ::1:34034 - "POST /list_models HTTP/1.1" 200 OK
2026-03-10 12:38:13 | INFO | stdout | INFO:     ::1:34034 - "POST /refresh_all_workers HTTP/1.1" 200 OK
2026-03-10 12:38:13 | INFO | stdout | INFO:     ::1:34034 - "POST /list_models HTTP/1.1" 200 OK
2026-03-10 12:38:15 | INFO | stdout | INFO:     ::1:34042 - "POST /list_models HTTP/1.1" 200 OK
2026-03-10 12:38:15 | INFO | stdout | INFO:     ::1:34042 - "POST /refresh_all_workers HTTP/1.1" 200 OK
2026-03-10 12:38:15 | INFO | stdout | INFO:     ::1:34042 - "POST /list_models HTTP/1.1" 200 OK
2026-03-10 12:38:17 | INFO | stdout | INFO:     ::1:34052 - "POST /list_models HTTP/1.1" 200 OK
2026-03-10 12:38:17 | INFO | stdout | INFO:     ::1:34052 - "POST /refresh_all_workers HTTP/1.1" 200 OK
2026-03-10 12:38:17 | INFO | stdout | INFO:     ::1:34052 - "POST /list_models HTTP/1.1" 200 OK
2026-03-10 12:38:19 | INFO | stdout | INFO:     ::1:56314 - "POST /list_models HTTP/1.1" 200 OK
2026-03-10 12:38:19 | INFO | stdout | INFO:     ::1:56314 - "POST /refresh_all_workers HTTP/1.1" 200 OK
2026-03-10 12:38:19 | INFO | stdout | INFO:     ::1:56314 - "POST /list_models HTTP/1.1" 200 OK
2026-03-10 12:38:21 | INFO | stdout | INFO:     ::1:56326 - "POST /list_models HTTP/1.1" 200 OK
2026-03-10 12:38:21 | INFO | stdout | INFO:     ::1:56326 - "POST /refresh_all_workers HTTP/1.1" 200 OK
2026-03-10 12:38:21 | INFO | stdout | INFO:     ::1:56326 - "POST /list_models HTTP/1.1" 200 OK
2026-03-10 12:38:23 | INFO | stdout | INFO:     ::1:56334 - "POST /list_models HTTP/1.1" 200 OK
2026-03-10 12:38:23 | INFO | stdout | INFO:     ::1:56334 - "POST /refresh_all_workers HTTP/1.1" 200 OK
2026-03-10 12:38:23 | INFO | stdout | INFO:     ::1:56334 - "POST /list_models HTTP/1.1" 200 OK
2026-03-10 12:38:25 | INFO | stdout | INFO:     ::1:56336 - "POST /list_models HTTP/1.1" 200 OK
2026-03-10 12:38:25 | INFO | stdout | INFO:     ::1:56336 - "POST /refresh_all_workers HTTP/1.1" 200 OK
2026-03-10 12:38:25 | INFO | stdout | INFO:     ::1:56336 - "POST /list_models HTTP/1.1" 200 OK
2026-03-10 12:38:27 | INFO | stdout | INFO:     ::1:56352 - "POST /list_models HTTP/1.1" 200 OK
2026-03-10 12:38:27 | INFO | stdout | INFO:     ::1:56352 - "POST /refresh_all_workers HTTP/1.1" 200 OK
2026-03-10 12:38:27 | INFO | stdout | INFO:     ::1:56352 - "POST /list_models HTTP/1.1" 200 OK
2026-03-10 12:38:29 | INFO | stdout | INFO:     ::1:48340 - "POST /list_models HTTP/1.1" 200 OK
2026-03-10 12:38:29 | INFO | stdout | INFO:     ::1:48340 - "POST /refresh_all_workers HTTP/1.1" 200 OK
2026-03-10 12:38:29 | INFO | stdout | INFO:     ::1:48340 - "POST /list_models HTTP/1.1" 200 OK
2026-03-10 12:38:31 | INFO | stdout | INFO:     ::1:48346 - "POST /list_models HTTP/1.1" 200 OK
2026-03-10 12:38:31 | INFO | stdout | INFO:     ::1:48346 - "POST /refresh_all_workers HTTP/1.1" 200 OK
2026-03-10 12:38:31 | INFO | stdout | INFO:     ::1:48346 - "POST /list_models HTTP/1.1" 200 OK
2026-03-10 12:38:33 | INFO | stdout | INFO:     ::1:48352 - "POST /list_models HTTP/1.1" 200 OK
2026-03-10 12:38:33 | INFO | stdout | INFO:     ::1:48352 - "POST /refresh_all_workers HTTP/1.1" 200 OK
2026-03-10 12:38:33 | INFO | stdout | INFO:     ::1:48352 - "POST /list_models HTTP/1.1" 200 OK
2026-03-10 12:38:35 | INFO | stdout | INFO:     ::1:48362 - "POST /list_models HTTP/1.1" 200 OK
2026-03-10 12:38:35 | INFO | stdout | INFO:     ::1:48362 - "POST /refresh_all_workers HTTP/1.1" 200 OK
2026-03-10 12:38:35 | INFO | stdout | INFO:     ::1:48362 - "POST /list_models HTTP/1.1" 200 OK
2026-03-10 12:38:37 | INFO | stdout | INFO:     ::1:48366 - "POST /list_models HTTP/1.1" 200 OK
2026-03-10 12:38:37 | INFO | stdout | INFO:     ::1:48366 - "POST /refresh_all_workers HTTP/1.1" 200 OK
2026-03-10 12:38:37 | INFO | stdout | INFO:     ::1:48366 - "POST /list_models HTTP/1.1" 200 OK
2026-03-10 12:38:39 | INFO | stdout | INFO:     ::1:49614 - "POST /list_models HTTP/1.1" 200 OK
2026-03-10 12:38:39 | INFO | stdout | INFO:     ::1:49614 - "POST /refresh_all_workers HTTP/1.1" 200 OK
2026-03-10 12:38:39 | INFO | stdout | INFO:     ::1:49614 - "POST /list_models HTTP/1.1" 200 OK
2026-03-10 12:38:41 | INFO | stdout | INFO:     ::1:49628 - "POST /list_models HTTP/1.1" 200 OK
2026-03-10 12:38:41 | INFO | stdout | INFO:     ::1:49628 - "POST /refresh_all_workers HTTP/1.1" 200 OK
2026-03-10 12:38:41 | INFO | stdout | INFO:     ::1:49628 - "POST /list_models HTTP/1.1" 200 OK
2026-03-10 12:38:43 | INFO | stdout | INFO:     ::1:49644 - "POST /list_models HTTP/1.1" 200 OK
2026-03-10 12:38:43 | INFO | stdout | INFO:     ::1:49644 - "POST /refresh_all_workers HTTP/1.1" 200 OK
2026-03-10 12:38:43 | INFO | stdout | INFO:     ::1:49644 - "POST /list_models HTTP/1.1" 200 OK
2026-03-10 12:38:45 | INFO | stdout | INFO:     ::1:49650 - "POST /list_models HTTP/1.1" 200 OK
2026-03-10 12:38:45 | INFO | stdout | INFO:     ::1:49650 - "POST /refresh_all_workers HTTP/1.1" 200 OK
2026-03-10 12:38:45 | INFO | stdout | INFO:     ::1:49650 - "POST /list_models HTTP/1.1" 200 OK
2026-03-10 12:38:47 | INFO | stdout | INFO:     ::1:49654 - "POST /list_models HTTP/1.1" 200 OK
2026-03-10 12:38:47 | INFO | stdout | INFO:     ::1:49654 - "POST /refresh_all_workers HTTP/1.1" 200 OK
2026-03-10 12:38:47 | INFO | stdout | INFO:     ::1:49654 - "POST /list_models HTTP/1.1" 200 OK
2026-03-10 12:38:49 | INFO | stdout | INFO:     ::1:51092 - "POST /list_models HTTP/1.1" 200 OK
2026-03-10 12:38:49 | INFO | stdout | INFO:     ::1:51092 - "POST /refresh_all_workers HTTP/1.1" 200 OK
2026-03-10 12:38:49 | INFO | stdout | INFO:     ::1:51092 - "POST /list_models HTTP/1.1" 200 OK
2026-03-10 12:38:51 | INFO | stdout | INFO:     ::1:51102 - "POST /list_models HTTP/1.1" 200 OK
2026-03-10 12:38:51 | INFO | stdout | INFO:     ::1:51102 - "POST /refresh_all_workers HTTP/1.1" 200 OK
2026-03-10 12:38:51 | INFO | stdout | INFO:     ::1:51102 - "POST /list_models HTTP/1.1" 200 OK
2026-03-10 12:38:53 | INFO | stdout | INFO:     ::1:51114 - "POST /list_models HTTP/1.1" 200 OK
2026-03-10 12:38:53 | INFO | stdout | INFO:     ::1:51114 - "POST /refresh_all_workers HTTP/1.1" 200 OK
2026-03-10 12:38:53 | INFO | stdout | INFO:     ::1:51114 - "POST /list_models HTTP/1.1" 200 OK
2026-03-10 12:38:55 | INFO | stdout | INFO:     ::1:51120 - "POST /list_models HTTP/1.1" 200 OK
2026-03-10 12:38:55 | INFO | stdout | INFO:     ::1:51120 - "POST /refresh_all_workers HTTP/1.1" 200 OK
2026-03-10 12:38:55 | INFO | stdout | INFO:     ::1:51120 - "POST /list_models HTTP/1.1" 200 OK
2026-03-10 12:38:57 | INFO | stdout | INFO:     ::1:51134 - "POST /list_models HTTP/1.1" 200 OK
2026-03-10 12:38:57 | INFO | stdout | INFO:     ::1:51134 - "POST /refresh_all_workers HTTP/1.1" 200 OK
2026-03-10 12:38:57 | INFO | stdout | INFO:     ::1:51134 - "POST /list_models HTTP/1.1" 200 OK
2026-03-10 12:39:00 | INFO | stdout | INFO:     ::1:36032 - "POST /list_models HTTP/1.1" 200 OK
2026-03-10 12:39:00 | INFO | stdout | INFO:     ::1:36032 - "POST /refresh_all_workers HTTP/1.1" 200 OK
2026-03-10 12:39:00 | INFO | stdout | INFO:     ::1:36032 - "POST /list_models HTTP/1.1" 200 OK
2026-03-10 12:39:02 | INFO | stdout | INFO:     ::1:36044 - "POST /list_models HTTP/1.1" 200 OK
2026-03-10 12:39:02 | INFO | stdout | INFO:     ::1:36044 - "POST /refresh_all_workers HTTP/1.1" 200 OK
2026-03-10 12:39:02 | INFO | stdout | INFO:     ::1:36044 - "POST /list_models HTTP/1.1" 200 OK
2026-03-10 12:39:04 | INFO | stdout | INFO:     ::1:36046 - "POST /list_models HTTP/1.1" 200 OK
2026-03-10 12:39:04 | INFO | stdout | INFO:     ::1:36046 - "POST /refresh_all_workers HTTP/1.1" 200 OK
2026-03-10 12:39:04 | INFO | stdout | INFO:     ::1:36046 - "POST /list_models HTTP/1.1" 200 OK
2026-03-10 12:39:06 | INFO | stdout | INFO:     ::1:36054 - "POST /list_models HTTP/1.1" 200 OK
2026-03-10 12:39:06 | INFO | stdout | INFO:     ::1:36054 - "POST /refresh_all_workers HTTP/1.1" 200 OK
2026-03-10 12:39:06 | INFO | stdout | INFO:     ::1:36054 - "POST /list_models HTTP/1.1" 200 OK
2026-03-10 12:39:08 | INFO | stdout | INFO:     ::1:36064 - "POST /list_models HTTP/1.1" 200 OK
2026-03-10 12:39:08 | INFO | stdout | INFO:     ::1:36064 - "POST /refresh_all_workers HTTP/1.1" 200 OK
2026-03-10 12:39:08 | INFO | stdout | INFO:     ::1:36064 - "POST /list_models HTTP/1.1" 200 OK
2026-03-10 12:39:10 | INFO | stdout | INFO:     ::1:34942 - "POST /list_models HTTP/1.1" 200 OK
2026-03-10 12:39:10 | INFO | stdout | INFO:     ::1:34942 - "POST /refresh_all_workers HTTP/1.1" 200 OK
2026-03-10 12:39:10 | INFO | stdout | INFO:     ::1:34942 - "POST /list_models HTTP/1.1" 200 OK
2026-03-10 12:39:12 | INFO | stdout | INFO:     ::1:34956 - "POST /list_models HTTP/1.1" 200 OK
2026-03-10 12:39:12 | INFO | stdout | INFO:     ::1:34956 - "POST /refresh_all_workers HTTP/1.1" 200 OK
2026-03-10 12:39:12 | INFO | stdout | INFO:     ::1:34956 - "POST /list_models HTTP/1.1" 200 OK
2026-03-10 12:39:14 | INFO | stdout | INFO:     ::1:34960 - "POST /list_models HTTP/1.1" 200 OK
2026-03-10 12:39:14 | INFO | stdout | INFO:     ::1:34960 - "POST /refresh_all_workers HTTP/1.1" 200 OK
2026-03-10 12:39:14 | INFO | stdout | INFO:     ::1:34960 - "POST /list_models HTTP/1.1" 200 OK
2026-03-10 12:39:16 | INFO | stdout | INFO:     ::1:34974 - "POST /list_models HTTP/1.1" 200 OK
2026-03-10 12:39:16 | INFO | stdout | INFO:     ::1:34974 - "POST /refresh_all_workers HTTP/1.1" 200 OK
2026-03-10 12:39:16 | INFO | stdout | INFO:     ::1:34974 - "POST /list_models HTTP/1.1" 200 OK
2026-03-10 12:39:18 | INFO | stdout | INFO:     ::1:34978 - "POST /list_models HTTP/1.1" 200 OK
2026-03-10 12:39:18 | INFO | stdout | INFO:     ::1:34978 - "POST /refresh_all_workers HTTP/1.1" 200 OK
2026-03-10 12:39:18 | INFO | stdout | INFO:     ::1:34978 - "POST /list_models HTTP/1.1" 200 OK
2026-03-10 12:39:20 | INFO | stdout | INFO:     ::1:47326 - "POST /list_models HTTP/1.1" 200 OK
2026-03-10 12:39:20 | INFO | stdout | INFO:     ::1:47326 - "POST /refresh_all_workers HTTP/1.1" 200 OK
2026-03-10 12:39:20 | INFO | stdout | INFO:     ::1:47326 - "POST /list_models HTTP/1.1" 200 OK
2026-03-10 12:39:22 | INFO | stdout | INFO:     ::1:47328 - "POST /list_models HTTP/1.1" 200 OK
2026-03-10 12:39:22 | INFO | stdout | INFO:     ::1:47328 - "POST /refresh_all_workers HTTP/1.1" 200 OK
2026-03-10 12:39:22 | INFO | stdout | INFO:     ::1:47328 - "POST /list_models HTTP/1.1" 200 OK
2026-03-10 12:39:24 | INFO | stdout | INFO:     ::1:47334 - "POST /list_models HTTP/1.1" 200 OK
2026-03-10 12:39:24 | INFO | stdout | INFO:     ::1:47334 - "POST /refresh_all_workers HTTP/1.1" 200 OK
2026-03-10 12:39:24 | INFO | stdout | INFO:     ::1:47334 - "POST /list_models HTTP/1.1" 200 OK
2026-03-10 12:39:26 | INFO | stdout | INFO:     ::1:47338 - "POST /list_models HTTP/1.1" 200 OK
2026-03-10 12:39:26 | INFO | stdout | INFO:     ::1:47338 - "POST /refresh_all_workers HTTP/1.1" 200 OK
2026-03-10 12:39:26 | INFO | stdout | INFO:     ::1:47338 - "POST /list_models HTTP/1.1" 200 OK
2026-03-10 12:39:28 | INFO | stdout | INFO:     ::1:47340 - "POST /list_models HTTP/1.1" 200 OK
2026-03-10 12:39:28 | INFO | stdout | INFO:     ::1:47340 - "POST /refresh_all_workers HTTP/1.1" 200 OK
2026-03-10 12:39:28 | INFO | stdout | INFO:     ::1:47340 - "POST /list_models HTTP/1.1" 200 OK
2026-03-10 12:39:30 | INFO | stdout | INFO:     ::1:39380 - "POST /list_models HTTP/1.1" 200 OK
2026-03-10 12:39:30 | INFO | stdout | INFO:     ::1:39380 - "POST /refresh_all_workers HTTP/1.1" 200 OK
2026-03-10 12:39:30 | INFO | stdout | INFO:     ::1:39380 - "POST /list_models HTTP/1.1" 200 OK
2026-03-10 12:39:32 | INFO | stdout | INFO:     ::1:39394 - "POST /list_models HTTP/1.1" 200 OK
2026-03-10 12:39:32 | INFO | stdout | INFO:     ::1:39394 - "POST /refresh_all_workers HTTP/1.1" 200 OK
2026-03-10 12:39:32 | INFO | stdout | INFO:     ::1:39394 - "POST /list_models HTTP/1.1" 200 OK
2026-03-10 12:39:34 | ERROR | stderr | INFO:     Shutting down
2026-03-10 12:39:34 | ERROR | stderr | INFO:     Finished server process [4491]
2026-03-10 12:39:34 | ERROR | stderr | ERROR:    Traceback (most recent call last):
2026-03-10 12:39:34 | ERROR | stderr |   File "/home/marcello/.transformerlab/envs/transformerlab/lib/python3.11/site-packages/uvicorn/_compat.py", line 30, in asyncio_run
2026-03-10 12:39:34 | ERROR | stderr |     return runner.run(main)
2026-03-10 12:39:34 | ERROR | stderr |            ^^^^^^^^^^^^^^^^
2026-03-10 12:39:34 | ERROR | stderr |   File "/home/marcello/.transformerlab/envs/transformerlab/lib/python3.11/asyncio/runners.py", line 118, in run
2026-03-10 12:39:34 | ERROR | stderr |     return self._loop.run_until_complete(task)
2026-03-10 12:39:34 | ERROR | stderr |            ^^^^^^^^^^^^^^^^^^^^^^^^^^^^^^^^^^^
2026-03-10 12:39:34 | ERROR | stderr |   File "uvloop/loop.pyx", line 1512, in uvloop.loop.Loop.run_until_complete
2026-03-10 12:39:34 | ERROR | stderr |   File "uvloop/loop.pyx", line 1505, in uvloop.loop.Loop.run_until_complete
2026-03-10 12:39:34 | ERROR | stderr |   File "uvloop/loop.pyx", line 1379, in uvloop.loop.Loop.run_forever
2026-03-10 12:39:34 | ERROR | stderr |   File "uvloop/loop.pyx", line 557, in uvloop.loop.Loop._run
2026-03-10 12:39:34 | ERROR | stderr |   File "uvloop/loop.pyx", line 476, in uvloop.loop.Loop._on_idle
2026-03-10 12:39:34 | ERROR | stderr |   File "uvloop/cbhandles.pyx", line 83, in uvloop.loop.Handle._run
2026-03-10 12:39:34 | ERROR | stderr |   File "uvloop/cbhandles.pyx", line 63, in uvloop.loop.Handle._run
2026-03-10 12:39:34 | ERROR | stderr |   File "/home/marcello/.transformerlab/envs/transformerlab/lib/python3.11/site-packages/uvicorn/server.py", line 78, in serve
2026-03-10 12:39:34 | ERROR | stderr |     with self.capture_signals():
2026-03-10 12:39:34 | ERROR | stderr |   File "/home/marcello/.transformerlab/envs/transformerlab/lib/python3.11/contextlib.py", line 144, in __exit__
2026-03-10 12:39:34 | ERROR | stderr |     next(self.gen)
2026-03-10 12:39:34 | ERROR | stderr |   File "/home/marcello/.transformerlab/envs/transformerlab/lib/python3.11/site-packages/uvicorn/server.py", line 339, in capture_signals
2026-03-10 12:39:34 | ERROR | stderr |     signal.raise_signal(captured_signal)
2026-03-10 12:39:34 | ERROR | stderr |   File "/home/marcello/.transformerlab/envs/transformerlab/lib/python3.11/asyncio/runners.py", line 157, in _on_sigint
2026-03-10 12:39:34 | ERROR | stderr |     raise KeyboardInterrupt()
2026-03-10 12:39:34 | ERROR | stderr | KeyboardInterrupt
2026-03-10 12:39:34 | ERROR | stderr | 
2026-03-10 12:39:34 | ERROR | stderr | During handling of the above exception, another exception occurred:
2026-03-10 12:39:34 | ERROR | stderr | 
2026-03-10 12:39:34 | ERROR | stderr | Traceback (most recent call last):
2026-03-10 12:39:34 | ERROR | stderr |   File "/home/marcello/.transformerlab/envs/transformerlab/lib/python3.11/site-packages/starlette/routing.py", line 700, in lifespan
2026-03-10 12:39:34 | ERROR | stderr |     await receive()
2026-03-10 12:39:34 | ERROR | stderr |   File "/home/marcello/.transformerlab/envs/transformerlab/lib/python3.11/site-packages/uvicorn/lifespan/on.py", line 137, in receive
2026-03-10 12:39:34 | ERROR | stderr |     return await self.receive_queue.get()
2026-03-10 12:39:34 | ERROR | stderr |            ^^^^^^^^^^^^^^^^^^^^^^^^^^^^^^
2026-03-10 12:39:34 | ERROR | stderr |   File "/home/marcello/.transformerlab/envs/transformerlab/lib/python3.11/asyncio/queues.py", line 158, in get
2026-03-10 12:39:34 | ERROR | stderr |     await getter
2026-03-10 12:39:34 | ERROR | stderr | asyncio.exceptions.CancelledError
2026-03-10 12:39:34 | ERROR | stderr | 
2026-03-10 12:39:34 | ERROR | stderr | Exception ignored in: <module 'threading' from '/home/marcello/.transformerlab/envs/transformerlab/lib/python3.11/threading.py'>
2026-03-10 12:39:34 | ERROR | stderr | Traceback (most recent call last):
2026-03-10 12:39:34 | ERROR | stderr |   File "/home/marcello/.transformerlab/envs/transformerlab/lib/python3.11/threading.py", line 1590, in _shutdown
2026-03-10 12:39:34 | ERROR | stderr |     lock.acquire()
2026-03-10 12:39:34 | ERROR | stderr | KeyboardInterrupt:
